// Jest Snapshot v1, https://goo.gl/fbAQLP

exports[`WebcamCapture component renders correctly 1`] = `
<DocumentFragment>
  <div
    class="items-center"
  />
</DocumentFragment>
`;
